// Jest Snapshot v1, https://goo.gl/fbAQLP

exports[`Piece unit test snapshot(black) 1`] = `
<span
  className="sc-bdnylx kjkACR"
  color="#000"
/>
`;

exports[`Piece unit test snapshot(clickable) 1`] = `
<span
  className="sc-bdnylx VYfgn"
  color="#38A34B"
  data-cy="clickable"
  onClick={[Function]}
/>
`;

exports[`Piece unit test snapshot(white) 1`] = `
<span
  className="sc-bdnylx hEHfkv"
  color="#fff"
/>
`;
