// Jest Snapshot v1, https://goo.gl/fbAQLP

exports[`Game unit test snapshot 1`] = `
<div
  className="sc-bdnylx ljgJuJ"
  data-cy="start"
>
  <button
    className="sc-gtssRu uftyw"
    data-cy="start"
    onClick={[Function]}
    type="button"
  >
    Game Start
  </button>
</div>
`;
