// Jest Snapshot v1, https://goo.gl/fbAQLP

exports[`Square unit test snapshot 1`] = `
<div
  className="sc-bdnxRM cmyxMg"
  data-cy="square-1"
/>
`;
