// Jest Snapshot v1, https://goo.gl/fbAQLP

exports[`Square unit test snapshot 1`] = `
<div
  className="sc-bdnylx hpSRFP"
  data-cy="square-1"
/>
`;

exports[`Square unit test snapshot testing 1`] = `
<div
  className="sc-bdnylx hpSRFP"
  data-cy="square-1"
/>
`;
